[gmx-nchcdd.vercel.app/index.html]
[backblue.gif]
[fade.gif]
[index.html]
[gmx-nchcdd.vercel.app/static/styles/style.css]
[gmx-nchcdd.vercel.app/static/image/frontlogo.png]
[gmx-nchcdd.vercel.app/static/image/tyu.jpg]
[gmx-nchcdd.vercel.app/static/image/logo45.jpg]
[gmx-nchcdd.vercel.app/static/image/try.jpg]
[gmx-nchcdd.vercel.app/static/image/now.6.delayed]
[gmx-nchcdd.vercel.app/static/image/11.jpg]
[gmx-nchcdd.vercel.app/static/image/22.jpg]
[gmx-nchcdd.vercel.app/static/image/33.jpg]
[gmx-nchcdd.vercel.app/static/image/44.jpg]
[gmx-nchcdd.vercel.app/static/image/photo60.png]
[gmx-nchcdd.vercel.app/static/image/photo44.png]
[gmx-nchcdd.vercel.app/static/image/photo61.png]
[gmx-nchcdd.vercel.app/static/image/photo62.png]
[gmx-nchcdd.vercel.app/static/image/photo38.png]
[gmx-nchcdd.vercel.app/static/image/photo35.png]
[gmx-nchcdd.vercel.app/static/image/photo36.png]
[gmx-nchcdd.vercel.app/static/image/photo41.png]
[gmx-nchcdd.vercel.app/static/image/photo48.png]
[gmx-nchcdd.vercel.app/static/image/photo1.png]
[gmx-nchcdd.vercel.app/static/image/photo29.png]
[gmx-nchcdd.vercel.app/static/image/photo87.jpg]
[gmx-nchcdd.vercel.app/static/image/photo52.png]
[gmx-nchcdd.vercel.app/static/image/photo51.png]
[gmx-nchcdd.vercel.app/static/image/photo98.jpg]
[gmx-nchcdd.vercel.app/index.html]
[gmx-nchcdd.vercel.app/image/logo.html]
[gmx-nchcdd.vercel.app/static/styles/style.css]
[gmx-nchcdd.vercel.app/static/image/now.html]
[gmx-nchcdd.vercel.app/Js/script.html]
